[www.aisgz.org/index.html]
[backblue.gif]
[fade.gif]
[index.html]
[www.aisgz.org/uploaded/photos/default/aisgfavicon.ico]
[static.finalsite.net/assets/application-77900acfe201cfa76bd4491aad6b102286acc086bdca1ab41c5ce47f3fdcea62.css]
[www.aisgz.org/styles92eb.css]
[www.aisgz.org/uploaded/themes/default_18/maincd06.css]
[static.finalsite.net/assets/in_layout_head-49a75163b68835cb4e0be81700e5027338e69a26cfafb834887c08dd9fb22057.js]
[use.typekit.net/aem6phf.css]
[cdnjs.cloudflare.com/ajax/libs/cookieconsent2/3.0.3/cookieconsent.min.css]
[cdnjs.cloudflare.com/ajax/libs/cookieconsent2/3.0.3/cookieconsent.min.js]
[www.aisgz.org/uploaded/themes/default_16/images/ios_logo_57.png]
[www.aisgz.org/uploaded/themes/default_16/images/ios_logo_72.png]
[www.aisgz.org/uploaded/themes/default_16/images/ios_logo_114.png]
[platform-api.sharethis.com/js/sharethis.js]
[www.aisgz.org/about-us.html]
[www.aisgz.org/about-us/directors-welcome.html]
[www.aisgz.org/about-us/our-history.html]
[www.aisgz.org/about-us/our-mission-and-vision.html]
[www.aisgz.org/about-us/leadership.html]
[www.aisgz.org/about-us/school-board.html]
[www.aisgz.org/about-us/our-campuses.html]
[www.aisgz.org/about-us/news-publications.html]
[www.aisgz.org/about-us/news-publications/publications.html]
[www.aisgz.org/admissions.html]
[www.aisgz.org/admissions/visit-aisg.html]
[www.aisgz.org/admissions/apply-to-aisg.html]
[www.aisgz.org/admissions/apply-to-aisg/cny-holiday.html]
[www.aisgz.org/admissions/tuition-and-fees.html]
[www.aisgz.org/admissions/frequently-asked-questions.html]
[www.aisgz.org/learning.html]
[www.aisgz.org/learning/preschool.html]
[www.aisgz.org/learning/es.html]
[www.aisgz.org/learning/middle-school.html]
[www.aisgz.org/learning/high-school.html]
[www.aisgz.org/learning/the-innovation-initiative.html]
[www.aisgz.org/student-life.html]
[www.aisgz.org/student-life/student-counseling.html]
[www.aisgz.org/student-life/college-counseling.html]
[www.aisgz.org/student-life/community-service.html]
[www.aisgz.org/student-life/child-protection.html]
[www.aisgz.org/aaa.html]
[www.aisgz.org/aaa/the-arts.html]
[www.aisgz.org/aaa/athletics.html]
[www.aisgz.org/aaa/activities.html]
[www.aisgz.org/community.html]
[www.aisgz.org/community/pta.html]
[www.aisgz.org/community/alumni.html]
[www.aisgz.org/community/giving-to-aisg.html]
[www.aisgz.org/careers.html]
[www.aisgz.org/careers/why-choose-aisg.html]
[www.aisgz.org/careers/current-opportunities.html]
[www.aisgz.org/language.html]
[www.aisgz.org/login.html]
[www.aisgz.org/ramsnet-student.html]
[www.aisgz.org/ramsnet-parent.html]
[www.aisgz.org/ramsnet-employee.html]
[www.aisgz.org/calendar.html]
[www.aisgz.org/admissions/enquiry-form.html]
[www.aisgz.org/contact-us.html]
[www.aisgz.org/search.html]
[www.aisgz.org/wechat-qr-code.html]
[www.aisgz.org/home-ch.html]
[resources.finalsite.net/videos/v1534250529/aisgzorg/rewekyzsdujq19ept9hv/HomePageVideo-compressed.jpg]
[resources.finalsite.net/videos/v1528700394/aisgzorg/ptsyn3asivaacxibfwxf/AISG-InspiringBrightFutures-2-720p.jpg]
[www.aisgz.org/home-ch/community-ch.html]
[www.aisgz.org/featured-news.html]
[www.aisgz.org/_board/featured-news/post/senior-spotlight-jee-su-kim.html]
[www.aisgz.org/_board/featured-news/post/senior-spotlight-michael-liu.html]
[www.aisgz.org/_board/featured-news/post/university-acceptances-2019.html]
[www.aisgz.org/_board/featured-news/post/senior-spotlight-michelle-zhu.html]
[www.aisgz.org/_board/featured-news/post/a-community-of-giving.html]
[www.aisgz.org/_board/featured-news/post/aisgs-incredible-diversity.html]
[www.aisgz.org/_board/featured-news/post/drone-club-aisgs-high-fliers.html]
[www.aisgz.org/_board/featured-news/post/aisg-students-inducted-into-select-honor-societies.html]
[www.aisgz.org/_board/featured-news/post/battle-of-the-books.html]
[www.aisgz.org/_board/featured-news/post/aisg-varsity-swim-team-makes-ram-history.html]
[www.aisgz.org/_board/featured-news/post/aisg-dominates-in-robotics-championships.html]
[www.aisgz.org/_board/featured-news/post/guest-conductor-ignites-passions-in-aisg-band-students.html]
[www.aisgz.org/_board/featured-news/post/visiting-speaker-inspires-aisg-students-to-change-the-future.html]
[www.aisgz.org/_board/featured-news/post/giving-day-event.html]
[www.aisgz.org/_board/featured-news/post/impressive-student-performances-in-basketball-robotics.html]
[www.aisgz.org/_board/featured-news/post/elementary-school-cny-celebration.html]
[www.aisgz.org/_board/featured-news/post/shakespeare-comes-to-life-at-aisg.html]
[www.aisgz.org/_board/featured-news/post/tea-ceremony-master-inspires-at-aisg.html]
[www.aisgz.org/_board/featured-news/post/the-2018-pta-holiday-bazaar-in-numbers.html]
[www.aisgz.org/_board/featured-news/post/outstanding-performances-in-aisg-robotics.html]
[www.aisgz.org/_board/featured-news/post/congratulations-class-of-2018.html]
[www.aisgz.org/_board/featured-news/post/world-class-jazz-musicians-teach-and-inspire-at-aisg.html]
[www.aisgz.org/_board/featured-news/post/aisg-hosts-5th-annual-edtechgz-conference.html]
[www.aisgz.org/_board/featured-news/post/elementary-students-celebrate-diversity-on-un-day.html]
[www.aisgz.org/_board/featured-news/post/elementary-school-sports-day.html]
[www.aisgz.org/_board/featured-news/post/happy-halloween-from-aisg.html]
[www.aisgz.org/_board/featured-news/post/family-fun-day-2018.html]
[www.aisgz.org/_board/featured-news/post/danish-artist-inspires-aisg-art-students.html]
[www.aisgz.org/_board/featured-news/post/aisg-cross-country-runners-compete-in-thailand.html]
[www.aisgz.org/_board/featured-news/post/new-york-times-best-selling-author-brandon-mull-at-aisg.html]
[www.aisgz.org/ersha-island-map.html]
[www.aisgz.org/science-park-map.html]
[www.aisgz.org/feedback.html]
[www.aisgz.org/site-map.html]
[www.aisgz.org/data-protection-policy.html]
[www.aisgz.org/index.html]
[www.aisgz.org/uploaded/themes/default_18/maincd06.js]
[static.finalsite.net/assets/images/ui-bg_flat_100_ffffff_40x100.72.delayed]
[static.finalsite.net/assets/images/ui-bg_flat_100_D5D8DC_40x100.png]
[static.finalsite.net/assets/images/ui-bg_flat_100_e6e8eb_40x100.png]
[static.finalsite.net/assets/images/ui-bg_flat_100_c4c9cf_40x100.png]
[static.finalsite.net/assets/images/ui-bg_flat_100_979CA2_40x100.png]
[static.finalsite.net/assets/images/ui-bg_flat_55_eeeeee_40x100.png]
[static.finalsite.net/assets/images/ui-bg_flat_55_b94a48_40x100.png]
[static.finalsite.net/assets/images/ui-icons_149bc7_256x240.png]
[static.finalsite.net/assets/images/ui-icons_999999_256x240.png]
[static.finalsite.net/assets/images/ui-icons_70b2e1_256x240.png]
[static.finalsite.net/assets/images/ui-icons_3383bb_256x240.png]
[static.finalsite.net/assets/images/ui-icons_454545_256x240.png]
[static.finalsite.net/assets/images/ui-icons_ffffff_256x240.png]
[static.finalsite.net/assets/images/ui-bg_flat_0_3F454B_40x100.png]
[static.finalsite.net/assets/images/ui-bg_flat_100_333_40x100.png]
[static.finalsite.net/assets/icons/global/clear_gray-a66176254d37a33c96f91741afbef087591dc71595cdaa37a6da4e33cde704f1.svg]
[static.finalsite.net/assets/icons/global/arrow_right-0224601a9f9c7247b3d28edb4368b0dcafa686a26d9c9b68369f80b7b5e05f25.svg]
[static.finalsite.net/assets/lato/lato_regular-webfont-983b0caf336e8542214fc17019a4fc5e0360864b92806ca14d55c1fc1c2c5a0f.woff2]
[static.finalsite.net/assets/lato/lato_regular-webfont-f4717cac8a7d14fe762dc08b5dc2f50859b82eee4e30e39f8cf6a13a9ff0c6a8.woff]
[static.finalsite.net/assets/lato_b/lato_700-webfont-ae88fc0d7a961832f809527d30bd3983a6866d42f66a56ade23f543681594db6.woff2]
[static.finalsite.net/assets/lato_b/lato_700-webfont-2567bb1bf4a7d8503441983782499c7fb24f47943c0f5bf6284cee56eef2b48b.woff]
[static.finalsite.net/assets/lato_lt/lato_300-webfont-9e42e92231a8198158ff0296ba69f0495069daaad816faed54cd356247ca451b.woff2]
[static.finalsite.net/assets/lato_lt/lato_300-webfont-8084a57f30a2d3d730b5d25b8d2ccb18369d90d333144231704418d555c20c0f.woff]
[static.finalsite.net/assets/icons/global/arrow_grey_down-a2748d955cc335539e5356f3d23db290a989e8c5cdf781d9fe53c0dab1a76cda.svg]
[static.finalsite.net/assets/icons/global/close_gray-2013286b0365fd1f1eb7b110973faa755107e4f80ef40231b82cb9a66ba2fc43.svg]
[static.finalsite.net/assets/icons/elements/accordion-5357d491a0344864a606da6c8c1bb6e4d66d9840721b60e19b0cc138594f2654.svg]
[static.finalsite.net/assets/application-68cde192f24b45686fbde668b1e947d872fa64a7b0e1a566b96ea5699a3c4fe5.js]
[static.finalsite.net/assets/icons/elements/account-7caf5cbdf42c69bbfd623f9bd32daac6c8654d776071e3873d0703ebc834e1c6.svg]
[static.finalsite.net/assets/icons/elements/athletics_event-933bb4911df5d9307914da5d03b56c8e99cf9b92322387a3d0abc852e33de451.svg]
[static.finalsite.net/assets/icons/elements/athletics_roster-d5f816130d15da243bdb214b16e1dfff842e51b9a8964cfc209b0ccfe8c8cbf0.svg]
[static.finalsite.net/assets/icons/elements/athletics-83222125313db9e835770d4a7e105b48e2050832508f0a10e8cea9ca19073e4d.svg]
[static.finalsite.net/assets/icons/elements/board-12f2b21103656f9b6fa88a96b07d103fa8bfab470de1cc7934e45e54f0f48139.svg]
[static.finalsite.net/assets/icons/elements/calendar-6861d3220f67517a005a6cd84bd8e7ef1395e8551c77b95f134fea935b52604a.svg]
[static.finalsite.net/assets/icons/elements/tools-4618e00792cf7e3e9b002c1782b31b91edd869aa894072b321c48cbadd2c5b08.svg]
[static.finalsite.net/assets/icons/elements/container-2e949b9d215e92885863ac9064a61afc2aaae3ca81c7fe42a1ff4430931063dd.svg]
[static.finalsite.net/assets/icons/elements/constituent_map-0aaeb1504ca5a9bb13ee39ab44a8e84eb2ce2ddafdfe5d7dc0a34d1486ecf4cf.svg]
[static.finalsite.net/assets/icons/elements/constituent-d04d0ac00203afa97d6757b456157bbaf13ef975456022ca1bdc8b3993480d51.svg]
[static.finalsite.net/assets/icons/elements/content-ffb6217410e439e9e520fe4209c3807df2274a55be24fec8edb5ea0cb12ef34c.svg]
[static.finalsite.net/assets/icons/elements/embed-c2a18491914c9a440cfabc163eaba70396f97b6f5e22ce73dc4f35dfac950f47.svg]
[static.finalsite.net/assets/icons/elements/map-657869065a2bb62f23049d0bc44f2f1642db1957ca80da9ef8d7a26dc44d6f70.svg]
[static.finalsite.net/assets/icons/elements/enotify-9320f4fa0adb16a8a64402117902f60dc4e54b67eb6bbfb976da7e85d2fdfed9.svg]
[static.finalsite.net/assets/icons/elements/facebook-417c2443ff13112640463922644868dbf47e97dcd1b62ed40c2db4aee0a00ab0.svg]
[static.finalsite.net/assets/icons/elements/feeds-f7e086a515cd9cdb264d96aff9a3a5ae95ba788913206bbac1d32f4c76e287d3.svg]
[static.finalsite.net/assets/icons/elements/form-e7b5f7aab447295f061d38ec17bed75812da0fa760ffe52688bc66dc3af07861.svg]
[static.finalsite.net/assets/icons/elements/layout4-a04db1ddac5891905d5d5a521f1e84a5552a334a7a5a0b076617e7610502130c.svg]
[static.finalsite.net/assets/icons/elements/groups-f06034e7dab6588f485a9fac2ecc18ca86f60b1a1d87062857a9df6a05024f01.svg]
[static.finalsite.net/assets/icons/elements/image-b3187dc21d4c5a625054dffca6597be69d53632cafda696bad7d0390efc9f465.svg]
[static.finalsite.net/assets/icons/elements/publication-6e9325336a101043945749765cabe82596bbf57596557dfa54244cde7c33e432.svg]
[static.finalsite.net/assets/icons/elements/location-3fc9baeda16a7d8b2ab27acc0c6e72ca381f9436d6f61e7412726c9dd773a124.svg]
[static.finalsite.net/assets/icons/elements/media-bc288578ede36aa4515ed903357c9d2cc804e19478956959ccb7b84ad16942aa.svg]
[static.finalsite.net/assets/icons/managers/email-2f3d23ab30c8fe8923764083a4de3fe97ad6d7f0274bc21e96ec6a80fc1012f9.svg]
[static.finalsite.net/assets/icons/elements/navigation-8a69d792b620d4609f9cafa5e0816c3b3316bf84a76d1327d74d19ba7e7b9faa.svg]
[static.finalsite.net/assets/icons/elements/post-bf7aabca0047b0d427089bc425869bd05515376929d9ee5d0d1ad54c5231d7c2.svg]
[static.finalsite.net/assets/icons/elements/reports-ba04dc8cc3b47e175733529e39043f213dfc9ca75fb5eef36471dd79aafb758b.svg]
[static.finalsite.net/assets/icons/elements/personalization-81b2dae1fc09062d5db5396911df51f81212329a9e2a0526a890b7d9038c4aa2.svg]
[static.finalsite.net/assets/icons/elements/folder-f9fb4b3cdec47c8a54a9152c09f70eab29c1329022d128fb7072f987e2ce3d28.svg]
[static.finalsite.net/assets/icons/elements/search-0a7564b393281ce11637b7fca28c0a6b87a3b27a4b0c634ce85a2665f51a8c8e.svg]
[static.finalsite.net/assets/icons/elements/tabs-bfdfa76e00479cd70e2318bcbbcd2fb52f08989bb1e12674970bc54cba03cbeb.svg]
[static.finalsite.net/assets/icons/elements/layout3-e099b20ce1ac6c5161d91c5b39efe8e25622e88836af7a198f134100e1278875.svg]
[static.finalsite.net/assets/icons/elements/twitter-c62dcba69ab6bdf5135ebe0e3bdc9fc0e0a03eb898dfcea126a8db939f9f5afd.svg]
[static.finalsite.net/assets/icons/elements/layout2-ed0476cc25e41d7530acf37d3466cd8a62a33b08da33254cbb1ae314a52816bd.svg]
[static.finalsite.net/assets/icons/elements/layout_wide_left-da514f48f1642422b95105a13587a6b2fad0ea8f4224ca2bd522635edd091937.svg]
[static.finalsite.net/assets/icons/elements/layout_wide_right-15bc4f437405a55ca1c58ae99df0c63ae2b3c9fde1a7d4043efe94a38b40962d.svg]
[static.finalsite.net/assets/icons/managers/email_preferences-5b5bce551c2e88561f24d4102c5b47c0d9e6cd73823f7e7a054aacade77a67d2.svg]
[static.finalsite.net/assets/icons/elements/video-a68dc2b7568a914011ebd9b22b9f20a4de82815a73cad1d84d518179f8bfbcae.svg]
[static.finalsite.net/assets/icons/elements/vimeo-3725976f3221c28c81e1c14a3f5ca1283140e55a8fe08dbd3952a0bfc2c0566b.svg]
[static.finalsite.net/assets/icons/elements/youtube-ee5ef34597686edc8b255bf1833c9d41e6a7a96116c6317115ca2fc8e0ccd337.svg]
[static.finalsite.net/assets/icons/global/bell_white-7ee98914ac56fb74ad4f569c7930c9dbc5ce3c82a65245ca24663b921fce9e20.svg]
[static.finalsite.net/assets/icons/frontend/poweredby-9d942327a5044f79c1b07c055e2232de2cf4859ff035fb29f74823ce2d92cd07.svg]
[static.finalsite.net/assets/icons/social/email-f13af89d4353dc1dfc0cb98af131e2494580804f9ae02f15359b934d0093b5db.svg]
[static.finalsite.net/assets/icons/social/facebook-2f718ee7283546fe075bf64e58b5cc166a253d1d2c9836aa5a061d2ce0d3571a.svg]
[static.finalsite.net/assets/icons/social/google-plus-8837192c339b93b599018f2b429892cb8b4323f96d4714c6afefcfd948cbe782.svg]
[static.finalsite.net/assets/icons/social/linkedin-4220cff1a9efa4a0a6e6acd8a47761c1e3f52f8d768174ec852af5194ec82209.svg]
[static.finalsite.net/assets/icons/social/pinterest-9181c3ea4686cb01a9629623cd6077d4e9baa6c1c54d5d8832f22b7d91abf0d8.svg]
[static.finalsite.net/assets/icons/social/printer-f0cb6296af4f3dfc7422ca079a16582eb5537f156763898580c2f37971ea5f1b.svg]
[static.finalsite.net/assets/icons/social/twitter-d9721e7340eed4411a65cf2492e5dce020219423ef11b3f9c43c80d6c737be52.svg]
[static.finalsite.net/assets/icons/global/trash_white-941ffc5e193aab3bae9d74a896c992eb7a7b0e9dbe17f75df80940a735004804.svg]
[static.finalsite.net/assets/icons/global/page_layout_white-97f56ff9bebae5a3cc1e8e3ea2a1cc6b0cdca5c92a44339e8b50eea91a15d514.svg]
[static.finalsite.net/assets/icons/global/settings_white-3601a26a5c589c90096644de33ae54f6906e62fa264d60f0e07b27c516e6008f.svg]
[static.finalsite.net/assets/icons/global/clone_white-e0e4f3838de6212c880baae99d6a5bae2ed3cc9a932f3bc5fce3c6706d6b95ef.svg]
[static.finalsite.net/assets/icons/global/copied_white-dd786431875f521eb73b2539353d6cd591cef50d5139018448dc70df1de3cf5d.svg]
[static.finalsite.net/assets/icons/global/move_cursor_white-2e41cbaf45bb010900190d49141f30cddb2c9e182d2c3fe841a2c896919cff99.svg]
[static.finalsite.net/assets/icons/managers/branch_white-c212440f968e6e05a64b4dcf566524cec138074c73ce46c7e59415fdb6c9c26c.svg]
[static.finalsite.net/assets/icons/global/close-9258d1656b8f9d91cc74c5fa1e72d89cbe31751632a54d4f1821f656eeafd6aa.svg]
[static.finalsite.net/assets/icons/global/bell_orange-00ce2af74daba44804d961918d2ff1408c7e4a2037753606b64cb9809599fd41.svg]
[static.finalsite.net/assets/icons/global/rss_white-5d628e3a0ddc6287b010bc3e5dc788400f617e2dd559d1996fbc2e1e65bb32fa.svg]
[static.finalsite.net/assets/icons/frontend/arrow_down_grey-ade81ddd619c7233fc70e11e014add0904130782c623dbc27e850495c253d4a4.svg]
[static.finalsite.net/assets/icons/elements/subtype_list-68ad33123b078ee9fb4b3511c9f85572a054ca0bd243810bd8d16be4eca7ae5e.svg]
[static.finalsite.net/assets/icons/elements/subtype_grid-ff19a6c2a7eba8289c6eb00f36f116122bc84a40d5defc153103f2713841fd1e.svg]
[static.finalsite.net/assets/icons/elements/subtype_slideshow-049b4c780293e2d3d143f843e0cf00731cab3d01d2a5b4b302a8328cb0369a56.svg]
[static.finalsite.net/assets/icons/global/grid-2b06492479d447ff038d38cba993c5fb67c8b96f0dd9d4143f5a204233c50108.svg]
[static.finalsite.net/assets/icons/global/list-c46de4bf7aff9e0b4fda5de6912eb081b83e8c065f5241c0d57a8fd4986b3c79.svg]
[static.finalsite.net/assets/icons/global/filter_white-9fd02fd385e556ca843f8a810e985141064baedc6fa215aad87ba772407e0252.svg]
[static.finalsite.net/assets/icons/global/plus_white-bad5639efc17d4f6c84529cc7883f16a899eeee19ee7cf93b0532a81c9ca0e38.svg]
[static.finalsite.net/assets/icons/frontend/email-f6b47eee1d8a6dbaa879a4bd83d232e8e6dbddef41a448340e908f4fabaa2c4c.svg]
[static.finalsite.net/assets/application-77900acfe201cfa76bd4491aad6b102286acc086bdca1ab41c5ce47f3fdcea62.css]
[www.aisgz.org/styles92eb.css]
[www.aisgz.org/uploaded/themes/default_18/fonts/81e3653a-53bd-49d9-a1f8-f924811b6f02.eot]
[www.aisgz.org/uploaded/themes/default_18/fonts/087d8a95-3f25-4bae-a1d1-db9ddffd72f5.woff2]
[www.aisgz.org/uploaded/themes/default_18/fonts/ab1bcdf7-9570-4cba-a8e3-3e39ddd861db.woff]
[www.aisgz.org/uploaded/themes/default_18/fonts/83c94878-06c8-442c-a7df-d520b0ced00b.ttf]
[www.aisgz.org/uploaded/themes/default_18/fonts/29f3ff8a-1719-4e25-a757-53ee1a1114a5.svg]
[www.aisgz.org/uploaded/themes/default_18/fonts/fe232554-5489-4874-bb45-bd966c8c5932.eot]
[www.aisgz.org/uploaded/themes/default_18/fonts/0811514e-6660-4043-92c1-23d0b8caaa2f.woff2]
[www.aisgz.org/uploaded/themes/default_18/fonts/aeae8cac-ba4d-40d2-bbcf-936f2c7dcfe6.woff]
[www.aisgz.org/uploaded/themes/default_18/fonts/caedf2e6-fbef-4928-b08e-1f975981ae8d.ttf]
[www.aisgz.org/uploaded/themes/default_18/fonts/7def0e34-f28d-434f-b2ec-472bde847115.svg]
[www.aisgz.org/uploaded/themes/default_18/fonts/f8bbb037-530d-4e04-a651-4134f7031164.eot]
[www.aisgz.org/uploaded/themes/default_18/fonts/f5a95cb0-6d5b-4eb4-b6a3-a529d5ccde25.woff2]
[www.aisgz.org/uploaded/themes/default_18/fonts/01f463dc-dba9-419f-9c9f-80ac2ee9f427.woff]
[www.aisgz.org/uploaded/themes/default_18/fonts/ba125970-2d75-413e-a466-324153755f20.ttf]
[www.aisgz.org/uploaded/themes/default_18/fonts/141c0322-57c4-48ca-abb4-31688d659f7d.svg]
[www.aisgz.org/uploaded/themes/default_18/fonts/eb06b4c3-c0fd-4cd0-a9d9-a2954f6839a7.eot]
[www.aisgz.org/uploaded/themes/default_18/fonts/8c92eb68-ce37-4962-a9f4-5b47d336bd1c.woff2]
[www.aisgz.org/uploaded/themes/default_18/fonts/9bdfdcac-bbd4-46a9-9280-056c9a4438a2.woff]
[www.aisgz.org/uploaded/themes/default_18/fonts/5dae3a6e-9b07-4c2f-aed2-1f5b8951261b.ttf]
[www.aisgz.org/uploaded/themes/default_18/fonts/eae74276-dd78-47e4-9b27-dac81c3411ca.svg]
[www.aisgz.org/uploaded/themes/default_18/fonts/icomoon.eot]
[www.aisgz.org/uploaded/themes/default_18/fonts/icomoon.woff2]
[www.aisgz.org/uploaded/themes/default_18/fonts/icomoon.woff]
[www.aisgz.org/uploaded/themes/default_18/fonts/icomoon.ttf]
[www.aisgz.org/uploaded/themes/default_18/fonts/icomoon.svg]
[www.aisgz.org/uploaded/themes/default_18/images/icons/quote.svg]
[www.aisgz.org/uploaded/themes/default_18/images/icons/link.svg]
[www.aisgz.org/uploaded/themes/default_18/images/icons/american-flag.png]
[www.aisgz.org/uploaded/themes/default_18/images/icons/chinese-flag.png]
[www.aisgz.org/uploaded/themes/default_18/images/logo.svg]
[www.aisgz.org/uploaded/themes/default_18/images/skyline.png]
[www.aisgz.org/uploaded/themes/default_18/images/bg-shape-row-3.png]
[www.aisgz.org/uploaded/themes/default_18/images/bg-shape_2.png]
[www.aisgz.org/uploaded/themes/default_18/images/bg-shape_2-bottom.png]
[www.aisgz.org/uploaded/themes/default_18/images/bg-shape_3.png]
[www.aisgz.org/uploaded/themes/default_18/images/bg-shape_1.png]
[www.aisgz.org/uploaded/themes/default_18/images/bg-shape_1-bg_2.png]
[www.aisgz.org/uploaded/themes/default_18/images/bg-shape_2-bg_2.png]
[www.aisgz.org/uploaded/themes/default_18/images/bg-shape_2-bottom-bg_2.png]
[www.aisgz.org/uploaded/themes/default_18/images/down_arrow.svg]
[www.aisgz.org/uploaded/themes/default_18/maincd06.css]
[use.typekit.net/af/2f0e6a/00000000000000003b9b12e6/27/le196]
[use.typekit.net/af/2f0e6a/00000000000000003b9b12e6/27/de196]
[use.typekit.net/aem6phf.css]
[hm.baidu.com/hm7b99.js]
[cdnjs.cloudflare.com/ajax/libs/cookieconsent2/3.0.3/cookieconsent.min.css]
[use.typekit.net/af/2f0e6a/00000000000000003b9b12e6/27/ae196]
[www.aisgz.org/about-us.html]
[www.aisgz.org/home-ch/about-us-ch/directors-welcome-ch.html]
[www.aisgz.org/about-us/directors-welcome.html]
[www.aisgz.org/about-us/our-history.html]
[www.aisgz.org/about-us/our-mission-and-vision.html]
[www.aisgz.org/about-us/leadership.html]
[www.aisgz.org/about-us/school-board/contact-the-board.html]
[www.aisgz.org/about-us/school-board.html]
[www.aisgz.org/about-us/our-campuses.html]
[www.aisgz.org/about-us/news-publications.html]
[www.aisgz.org/about-us/news-publications/publications.html]
[www.aisgz.org/community/statement-of-community.html]
[www.aisgz.org/admissions.html]
[www.aisgz.org/cf_forms/view22c0.html]
[www.aisgz.org/admissions/visit-aisg.html]
[www.aisgz.org/contact-us/contact-admissions.html]
[www.aisgz.org/admissions/grade-placement.html]
[www.aisgz.org/admissions/apply-to-aisg/required-documents.html]
[www.aisgz.org/admissions/apply-to-aisg.html]
[www.aisgz.org/admissions/apply-to-aisg/cny-holiday.html]
[www.aisgz.org/admissions/tuition-and-fees.html]
[www.aisgz.org/admissions/frequently-asked-questions.html]
[www.aisgz.org/learning.html]
[www.aisgz.org/learning/preschool/program-of-inquiry.html]
[www.aisgz.org/learning/preschool.html]
[www.aisgz.org/learning/es/program-of-inquiry.html]
[www.aisgz.org/aaa/activities/elementary.html]
[www.aisgz.org/learning/es.html]
[www.aisgz.org/learning/middle-school/course-guide.html]
[www.aisgz.org/learning/middle-school.html]
[www.aisgz.org/learning/high-school.html]
[www.aisgz.org/learning/the-innovation-initiative.html]
[www.aisgz.org/student-life.html]
[www.aisgz.org/student-life/student-counseling.html]
[www.aisgz.org/student-life/college-counseling.html]
[www.aisgz.org/student-life/community-service.html]
[www.aisgz.org/student-life/child-protection.html]
[www.aisgz.org/aaa.html]
[www.aisgz.org/aaa/the-arts.html]
[www.aisgz.org/aaa/athletics.html]
[www.aisgz.org/aaa/activities/middle-school.html]
[www.aisgz.org/aaa/activities/high-school.html]
[www.aisgz.org/aaa/activities.html]
[www.aisgz.org/community.html]
[www.aisgz.org/community/pta.html]
[www.aisgz.org/community/alumni/plan-your-visit.html]
[www.aisgz.org/community/alumni/frequently-asked-questions.html]
[www.aisgz.org/community/alumni/alumni-spotlight.html]
[www.aisgz.org/community/alumni/_board/alumni-spotlight/post/blockchainer-fruzan-nijrabi.html]
[www.aisgz.org/community/alumni/_board/alumni-spotlight/post/child-development-researcher-frances-chang.html]
[www.aisgz.org/community/alumni/_board/alumni-spotlight/post/founder-director-of-9212-data-nina-schneider.html]
[www.aisgz.org/community/alumni/photo-gallery.html]
[www.aisgz.org/community/alumni.html]
[www.aisgz.org/community/giving-to-aisg/giving-pledge.html]
[www.aisgz.org/community/giving-to-aisg/_board/speaker-series/post/tongtong.html]
[www.aisgz.org/community/giving-to-aisg/_board/speaker-series/post/vincent-warren.html]
[www.aisgz.org/community/giving-to-aisg/_board/speaker-series/post/carl-anderson.html]
[www.aisgz.org/community/giving-to-aisg.html]
[www.aisgz.org/careers.html]
[www.aisgz.org/careers/why-choose-aisg.html]
[recruit.hirebridge.com/v3/scripts/iframeResizer.min.js]
[www.aisgz.org/careers/current-opportunities.html]
[www.aisgz.org/language.html]
[www.aisgz.org/login.html]
[www.aisgz.org/ramsnet-student.html]
[www.aisgz.org/ramsnet-parent.html]
[www.aisgz.org/ramsnet-employee.html]
[www.aisgz.org/ramsnet-parent/calendar.html]
[www.aisgz.org/fs/elements/2340/printd41d.html]
[www.aisgz.org/calendar.html]
[www.aisgz.org/admissions/enquiry-form.html]
[www.aisgz.org/cf_forms/view3dda.html]
[www.aisgz.org/contact-us/contact-alumni-office.html]
[www.aisgz.org/contact-us/contact-employment-office.html]
[www.aisgz.org/contact-us/contact-communications-office.html]
[www.aisgz.org/contact-us.html]
[www.aisgz.org/search.html]
[www.aisgz.org/wechat-qr-code.html]
[www.aisgz.org/home-ch/about-us-ch.html]
[www.aisgz.org/home-ch/about-us-ch/our-history-ch.html]
[www.aisgz.org/home-ch/about-us-ch/our-mission-and-vision-ch.html]
[www.aisgz.org/home-ch/about-us-ch/leadership-ch.html]
[www.aisgz.org/home-ch/about-us-ch/school-board-ch.html]
[www.aisgz.org/home-ch/about-us-ch/our-campuses-ch.html]
[www.aisgz.org/home-ch/admissions-ch.html]
[www.aisgz.org/home-ch/admissions-ch/visit-aisg-ch.html]
[www.aisgz.org/home-ch/admissions-ch/apply-to-aisg-ch.html]
[www.aisgz.org/home-ch/admissions-ch/tuition-and-fees-ch.html]
[www.aisgz.org/home-ch/admissions-ch/frequently-asked-questions-ch.html]
[www.aisgz.org/home-ch/learning-ch.html]
[www.aisgz.org/home-ch/learning-ch/preschool-ch.html]
[www.aisgz.org/home-ch/learning-ch/es-ch.html]
[www.aisgz.org/home-ch/learning-ch/es-ch/program-of-inquiry-ch.html]
[www.aisgz.org/home-ch/learning-ch/middle-school-ch.html]
[www.aisgz.org/home-ch/learning-ch/high-school-ch.html]
[www.aisgz.org/home-ch/learning-ch/the-innovation-initiative-ch.html]
[www.aisgz.org/home-ch/student-life-ch.html]
[www.aisgz.org/home-ch/student-life-ch/student-wellbeing-ch.html]
[www.aisgz.org/home-ch/student-life-ch/college-counseling-ch.html]
[www.aisgz.org/home-ch/student-life-ch/community-service-ch.html]
[www.aisgz.org/home-ch/student-life-ch/child-protection-ch.html]
[www.aisgz.org/home-ch/aaa-ch.html]
[www.aisgz.org/home-ch/aaa-ch/the-arts-ch.html]
[www.aisgz.org/home-ch/aaa-ch/athletics-ch.html]
[www.aisgz.org/home-ch/aaa-ch/activities-ch.html]
[www.aisgz.org/home-ch/aaa-ch/activities-ch/elementary-ch.html]
[www.aisgz.org/home-ch/aaa-ch/activities-ch/middle-school-ch.html]
[www.aisgz.org/home-ch/aaa-ch/activities-ch/high-school-ch.html]
[www.aisgz.org/home-ch/community-ch/pta-ch.html]
[www.aisgz.org/home-ch/community-ch/alumni-ch.html]
[www.aisgz.org/home-ch/community-ch/alumni-ch/photo-gallery-ch.html]
[www.aisgz.org/home-ch/community-ch/alumni-ch/plan-your-visit-ch.html]
[www.aisgz.org/home-ch/community-ch/alumni-ch/frequently-asked-questions-ch.html]
[www.aisgz.org/home-ch/community-ch/giving-to-aisg-ch.html]
[www.aisgz.org/home-ch/careers-ch.html]
[www.aisgz.org/home-ch/careers-ch/why-choose-aisg-ch.html]
[www.aisgz.org/home-ch/careers-ch/current-opportunities-ch.html]
[www.aisgz.org/language-ch.html]
[www.aisgz.org/home-ch/calendar-ch.html]
[www.aisgz.org/home-ch/admissions-ch/enquiry-form-ch.html]
[www.aisgz.org/home-ch/contact-us-ch.html]
[www.aisgz.org/search-ch.html]
[www.aisgz.org/home-ch/wechat-qr-code-ch.html]
[www.aisgz.org/home-ch.html]
[www.aisgz.org/home-ch/community-ch.html]
[www.aisgz.org/featured-news/_board/featured-news/post/senior-spotlight-jee-su-kim.html]
[www.aisgz.org/featured-news/_board/featured-news/post/senior-spotlight-michael-liu.html]
[www.aisgz.org/featured-news/_board/featured-news/post/university-acceptances-2019.html]
[www.aisgz.org/featured-news/_board/featured-news/post/senior-spotlight-michelle-zhu.html]
[www.aisgz.org/featured-news/_board/featured-news/post/a-community-of-giving.html]
[www.aisgz.org/featured-news.html]
[www.aisgz.org/featured-news/_board/featured-news/post/aisgs-incredible-diversity.html]
[www.aisgz.org/_board/featured-news/post/senior-spotlight-jee-su-kim.html]
[www.aisgz.org/_board/featured-news/post/senior-spotlight-michael-liu.html]
[www.aisgz.org/_board/featured-news/post/university-acceptances-2019.html]
[www.aisgz.org/_board/featured-news/post/senior-spotlight-michelle-zhu.html]
[www.aisgz.org/_board/featured-news/post/a-community-of-giving.html]
[www.aisgz.org/_board/featured-news/post/aisgs-incredible-diversity.html]
[www.aisgz.org/_board/featured-news/post/drone-club-aisgs-high-fliers.html]
[www.aisgz.org/_board/featured-news/post/aisg-students-inducted-into-select-honor-societies.html]
[www.aisgz.org/_board/featured-news/post/battle-of-the-books.html]
[www.aisgz.org/_board/featured-news/post/aisg-varsity-swim-team-makes-ram-history.html]
[www.aisgz.org/_board/featured-news/post/aisg-dominates-in-robotics-championships.html]
[www.aisgz.org/_board/featured-news/post/guest-conductor-ignites-passions-in-aisg-band-students.html]
[www.aisgz.org/_board/featured-news/post/visiting-speaker-inspires-aisg-students-to-change-the-future.html]
[www.aisgz.org/_board/featured-news/post/giving-day-event.html]
[www.aisgz.org/_board/featured-news/post/impressive-student-performances-in-basketball-robotics.html]
[www.aisgz.org/_board/featured-news/post/elementary-school-cny-celebration.html]
[www.aisgz.org/_board/featured-news/post/shakespeare-comes-to-life-at-aisg.html]
[www.aisgz.org/_board/featured-news/post/tea-ceremony-master-inspires-at-aisg.html]
[www.aisgz.org/_board/featured-news/post/the-2018-pta-holiday-bazaar-in-numbers.html]
[www.aisgz.org/_board/featured-news/post/outstanding-performances-in-aisg-robotics.html]
[www.aisgz.org/_board/featured-news/post/congratulations-class-of-2018.html]
[www.aisgz.org/_board/featured-news/post/world-class-jazz-musicians-teach-and-inspire-at-aisg.html]
[www.aisgz.org/_board/featured-news/post/aisg-hosts-5th-annual-edtechgz-conference.html]
[www.aisgz.org/_board/featured-news/post/elementary-students-celebrate-diversity-on-un-day.html]
[www.aisgz.org/_board/featured-news/post/elementary-school-sports-day.html]
[www.aisgz.org/_board/featured-news/post/happy-halloween-from-aisg.html]
[www.aisgz.org/_board/featured-news/post/family-fun-day-2018.html]
[www.aisgz.org/_board/featured-news/post/danish-artist-inspires-aisg-art-students.html]
[www.aisgz.org/_board/featured-news/post/aisg-cross-country-runners-compete-in-thailand.html]
[www.aisgz.org/_board/featured-news/post/new-york-times-best-selling-author-brandon-mull-at-aisg.html]
[www.aisgz.org/ersha-island-map.html]
[www.aisgz.org/science-park-map.html]
[www.aisgz.org/cf_forms/view9973.html]
[www.aisgz.org/feedback.html]
[www.aisgz.org/site-map.html]
[www.aisgz.org/data-protection-policy.html]
[www.aisgz.org/uploaded/themes/default_18/maincd06.js]
[static.finalsite.net/assets/images/ui-bg_flat_100_ffffff_40x100.html]
[static.finalsite.net/assets/images/ui-bg_flat_100_D5D8DC_40x100.html]
[static.finalsite.net/assets/images/ui-bg_flat_100_e6e8eb_40x100.html]
[static.finalsite.net/assets/images/ui-bg_flat_100_c4c9cf_40x100.html]
[static.finalsite.net/assets/images/ui-bg_flat_100_979CA2_40x100.html]
[static.finalsite.net/assets/images/ui-bg_flat_55_eeeeee_40x100.html]
[static.finalsite.net/assets/images/ui-bg_flat_55_b94a48_40x100.html]
[static.finalsite.net/assets/images/ui-icons_149bc7_256x240.html]
[static.finalsite.net/assets/images/ui-icons_999999_256x240.html]
[static.finalsite.net/assets/images/ui-icons_70b2e1_256x240.html]
[static.finalsite.net/assets/images/ui-icons_3383bb_256x240.html]
[static.finalsite.net/assets/images/ui-icons_454545_256x240.html]
[static.finalsite.net/assets/images/ui-icons_ffffff_256x240.html]
[static.finalsite.net/assets/images/ui-bg_flat_0_3F454B_40x100.html]
[static.finalsite.net/assets/images/ui-bg_flat_100_333_40x100.html]
[static.finalsite.net/assets/icons/global/clear_gray-a66176254d37a33c96f91741afbef087591dc71595cdaa37a6da4e33cde704f1.svg]
[static.finalsite.net/assets/icons/global/arrow_right-0224601a9f9c7247b3d28edb4368b0dcafa686a26d9c9b68369f80b7b5e05f25.svg]
[static.finalsite.net/assets/icons/global/arrow_grey_down-a2748d955cc335539e5356f3d23db290a989e8c5cdf781d9fe53c0dab1a76cda.svg]
[static.finalsite.net/assets/icons/global/close_gray-2013286b0365fd1f1eb7b110973faa755107e4f80ef40231b82cb9a66ba2fc43.svg]
[static.finalsite.net/assets/icons/elements/accordion-5357d491a0344864a606da6c8c1bb6e4d66d9840721b60e19b0cc138594f2654.svg]
[static.finalsite.net/assets/icons/elements/account-7caf5cbdf42c69bbfd623f9bd32daac6c8654d776071e3873d0703ebc834e1c6.svg]
[static.finalsite.net/assets/icons/elements/athletics_event-933bb4911df5d9307914da5d03b56c8e99cf9b92322387a3d0abc852e33de451.svg]
[static.finalsite.net/assets/icons/elements/athletics_roster-d5f816130d15da243bdb214b16e1dfff842e51b9a8964cfc209b0ccfe8c8cbf0.svg]
[static.finalsite.net/assets/icons/elements/athletics-83222125313db9e835770d4a7e105b48e2050832508f0a10e8cea9ca19073e4d.svg]
[static.finalsite.net/assets/icons/elements/board-12f2b21103656f9b6fa88a96b07d103fa8bfab470de1cc7934e45e54f0f48139.svg]
[static.finalsite.net/assets/icons/elements/calendar-6861d3220f67517a005a6cd84bd8e7ef1395e8551c77b95f134fea935b52604a.svg]
[static.finalsite.net/assets/icons/elements/tools-4618e00792cf7e3e9b002c1782b31b91edd869aa894072b321c48cbadd2c5b08.svg]
[static.finalsite.net/assets/icons/elements/container-2e949b9d215e92885863ac9064a61afc2aaae3ca81c7fe42a1ff4430931063dd.svg]
[static.finalsite.net/assets/icons/elements/constituent_map-0aaeb1504ca5a9bb13ee39ab44a8e84eb2ce2ddafdfe5d7dc0a34d1486ecf4cf.svg]
[static.finalsite.net/assets/icons/elements/constituent-d04d0ac00203afa97d6757b456157bbaf13ef975456022ca1bdc8b3993480d51.svg]
[static.finalsite.net/assets/icons/elements/content-ffb6217410e439e9e520fe4209c3807df2274a55be24fec8edb5ea0cb12ef34c.svg]
[static.finalsite.net/assets/icons/elements/embed-c2a18491914c9a440cfabc163eaba70396f97b6f5e22ce73dc4f35dfac950f47.svg]
[static.finalsite.net/assets/icons/elements/map-657869065a2bb62f23049d0bc44f2f1642db1957ca80da9ef8d7a26dc44d6f70.svg]
[static.finalsite.net/assets/icons/elements/enotify-9320f4fa0adb16a8a64402117902f60dc4e54b67eb6bbfb976da7e85d2fdfed9.svg]
[static.finalsite.net/assets/icons/elements/facebook-417c2443ff13112640463922644868dbf47e97dcd1b62ed40c2db4aee0a00ab0.svg]
[static.finalsite.net/assets/icons/elements/feeds-f7e086a515cd9cdb264d96aff9a3a5ae95ba788913206bbac1d32f4c76e287d3.svg]
[static.finalsite.net/assets/icons/elements/form-e7b5f7aab447295f061d38ec17bed75812da0fa760ffe52688bc66dc3af07861.svg]
[static.finalsite.net/assets/icons/elements/layout4-a04db1ddac5891905d5d5a521f1e84a5552a334a7a5a0b076617e7610502130c.svg]
[static.finalsite.net/assets/icons/elements/groups-f06034e7dab6588f485a9fac2ecc18ca86f60b1a1d87062857a9df6a05024f01.svg]
[static.finalsite.net/assets/icons/elements/image-b3187dc21d4c5a625054dffca6597be69d53632cafda696bad7d0390efc9f465.svg]
[static.finalsite.net/assets/icons/elements/publication-6e9325336a101043945749765cabe82596bbf57596557dfa54244cde7c33e432.svg]
[static.finalsite.net/assets/icons/elements/location-3fc9baeda16a7d8b2ab27acc0c6e72ca381f9436d6f61e7412726c9dd773a124.svg]
[static.finalsite.net/assets/icons/elements/media-bc288578ede36aa4515ed903357c9d2cc804e19478956959ccb7b84ad16942aa.svg]
[static.finalsite.net/assets/icons/managers/email-2f3d23ab30c8fe8923764083a4de3fe97ad6d7f0274bc21e96ec6a80fc1012f9.svg]
[static.finalsite.net/assets/icons/elements/navigation-8a69d792b620d4609f9cafa5e0816c3b3316bf84a76d1327d74d19ba7e7b9faa.svg]
[static.finalsite.net/assets/icons/elements/post-bf7aabca0047b0d427089bc425869bd05515376929d9ee5d0d1ad54c5231d7c2.svg]
[static.finalsite.net/assets/icons/elements/reports-ba04dc8cc3b47e175733529e39043f213dfc9ca75fb5eef36471dd79aafb758b.svg]
[static.finalsite.net/assets/icons/elements/personalization-81b2dae1fc09062d5db5396911df51f81212329a9e2a0526a890b7d9038c4aa2.svg]
[static.finalsite.net/assets/icons/elements/folder-f9fb4b3cdec47c8a54a9152c09f70eab29c1329022d128fb7072f987e2ce3d28.svg]
[static.finalsite.net/assets/icons/elements/search-0a7564b393281ce11637b7fca28c0a6b87a3b27a4b0c634ce85a2665f51a8c8e.svg]
[static.finalsite.net/assets/icons/elements/tabs-bfdfa76e00479cd70e2318bcbbcd2fb52f08989bb1e12674970bc54cba03cbeb.svg]
[static.finalsite.net/assets/icons/elements/layout3-e099b20ce1ac6c5161d91c5b39efe8e25622e88836af7a198f134100e1278875.svg]
[static.finalsite.net/assets/icons/elements/twitter-c62dcba69ab6bdf5135ebe0e3bdc9fc0e0a03eb898dfcea126a8db939f9f5afd.svg]
[static.finalsite.net/assets/icons/elements/layout2-ed0476cc25e41d7530acf37d3466cd8a62a33b08da33254cbb1ae314a52816bd.svg]
[static.finalsite.net/assets/icons/elements/layout_wide_left-da514f48f1642422b95105a13587a6b2fad0ea8f4224ca2bd522635edd091937.svg]
[static.finalsite.net/assets/icons/elements/layout_wide_right-15bc4f437405a55ca1c58ae99df0c63ae2b3c9fde1a7d4043efe94a38b40962d.svg]
[static.finalsite.net/assets/icons/managers/email_preferences-5b5bce551c2e88561f24d4102c5b47c0d9e6cd73823f7e7a054aacade77a67d2.svg]
[static.finalsite.net/assets/icons/elements/video-a68dc2b7568a914011ebd9b22b9f20a4de82815a73cad1d84d518179f8bfbcae.svg]
[static.finalsite.net/assets/icons/elements/vimeo-3725976f3221c28c81e1c14a3f5ca1283140e55a8fe08dbd3952a0bfc2c0566b.svg]
[static.finalsite.net/assets/icons/elements/youtube-ee5ef34597686edc8b255bf1833c9d41e6a7a96116c6317115ca2fc8e0ccd337.svg]
[static.finalsite.net/assets/icons/global/bell_white-7ee98914ac56fb74ad4f569c7930c9dbc5ce3c82a65245ca24663b921fce9e20.svg]
[static.finalsite.net/assets/icons/frontend/poweredby-9d942327a5044f79c1b07c055e2232de2cf4859ff035fb29f74823ce2d92cd07.svg]
[static.finalsite.net/assets/icons/social/email-f13af89d4353dc1dfc0cb98af131e2494580804f9ae02f15359b934d0093b5db.svg]
[static.finalsite.net/assets/icons/social/facebook-2f718ee7283546fe075bf64e58b5cc166a253d1d2c9836aa5a061d2ce0d3571a.svg]
[static.finalsite.net/assets/icons/social/google-plus-8837192c339b93b599018f2b429892cb8b4323f96d4714c6afefcfd948cbe782.svg]
[static.finalsite.net/assets/icons/social/linkedin-4220cff1a9efa4a0a6e6acd8a47761c1e3f52f8d768174ec852af5194ec82209.svg]
[static.finalsite.net/assets/icons/social/pinterest-9181c3ea4686cb01a9629623cd6077d4e9baa6c1c54d5d8832f22b7d91abf0d8.svg]
[static.finalsite.net/assets/icons/social/printer-f0cb6296af4f3dfc7422ca079a16582eb5537f156763898580c2f37971ea5f1b.svg]
[static.finalsite.net/assets/icons/social/twitter-d9721e7340eed4411a65cf2492e5dce020219423ef11b3f9c43c80d6c737be52.svg]
[static.finalsite.net/assets/icons/global/trash_white-941ffc5e193aab3bae9d74a896c992eb7a7b0e9dbe17f75df80940a735004804.svg]
[static.finalsite.net/assets/icons/global/page_layout_white-97f56ff9bebae5a3cc1e8e3ea2a1cc6b0cdca5c92a44339e8b50eea91a15d514.svg]
[static.finalsite.net/assets/icons/global/settings_white-3601a26a5c589c90096644de33ae54f6906e62fa264d60f0e07b27c516e6008f.svg]
[static.finalsite.net/assets/icons/global/clone_white-e0e4f3838de6212c880baae99d6a5bae2ed3cc9a932f3bc5fce3c6706d6b95ef.svg]
[static.finalsite.net/assets/icons/global/copied_white-dd786431875f521eb73b2539353d6cd591cef50d5139018448dc70df1de3cf5d.svg]
[static.finalsite.net/assets/icons/global/move_cursor_white-2e41cbaf45bb010900190d49141f30cddb2c9e182d2c3fe841a2c896919cff99.svg]
[static.finalsite.net/assets/icons/managers/branch_white-c212440f968e6e05a64b4dcf566524cec138074c73ce46c7e59415fdb6c9c26c.svg]
[static.finalsite.net/assets/icons/global/close-9258d1656b8f9d91cc74c5fa1e72d89cbe31751632a54d4f1821f656eeafd6aa.svg]
[static.finalsite.net/assets/icons/global/bell_orange-00ce2af74daba44804d961918d2ff1408c7e4a2037753606b64cb9809599fd41.svg]
[static.finalsite.net/assets/icons/global/rss_white-5d628e3a0ddc6287b010bc3e5dc788400f617e2dd559d1996fbc2e1e65bb32fa.svg]
[static.finalsite.net/assets/icons/frontend/arrow_down_grey-ade81ddd619c7233fc70e11e014add0904130782c623dbc27e850495c253d4a4.svg]
[static.finalsite.net/assets/icons/elements/subtype_list-68ad33123b078ee9fb4b3511c9f85572a054ca0bd243810bd8d16be4eca7ae5e.svg]
[static.finalsite.net/assets/icons/elements/subtype_grid-ff19a6c2a7eba8289c6eb00f36f116122bc84a40d5defc153103f2713841fd1e.svg]
[static.finalsite.net/assets/icons/elements/subtype_slideshow-049b4c780293e2d3d143f843e0cf00731cab3d01d2a5b4b302a8328cb0369a56.svg]
[static.finalsite.net/assets/icons/global/grid-2b06492479d447ff038d38cba993c5fb67c8b96f0dd9d4143f5a204233c50108.svg]
[static.finalsite.net/assets/icons/global/list-c46de4bf7aff9e0b4fda5de6912eb081b83e8c065f5241c0d57a8fd4986b3c79.svg]
[static.finalsite.net/assets/icons/global/filter_white-9fd02fd385e556ca843f8a810e985141064baedc6fa215aad87ba772407e0252.svg]
[static.finalsite.net/assets/icons/global/plus_white-bad5639efc17d4f6c84529cc7883f16a899eeee19ee7cf93b0532a81c9ca0e38.svg]
[static.finalsite.net/assets/icons/frontend/email-f6b47eee1d8a6dbaa879a4bd83d232e8e6dbddef41a448340e908f4fabaa2c4c.svg]
[fast.fonts.net/t/1d45c.css]
[www.aisgz.org/uploaded/themes/default_18/fonts/29f3ff8a-1719-4e25-a757-53ee1a1114a5.svg]
[www.aisgz.org/uploaded/themes/default_18/fonts/7def0e34-f28d-434f-b2ec-472bde847115.svg]
[www.aisgz.org/uploaded/themes/default_18/fonts/141c0322-57c4-48ca-abb4-31688d659f7d.svg]
[www.aisgz.org/uploaded/themes/default_18/fonts/eae74276-dd78-47e4-9b27-dac81c3411ca.svg]
[www.aisgz.org/uploaded/themes/default_18/fonts/icomoon.svg]
[www.aisgz.org/uploaded/themes/default_18/images/icons/quote.svg]
[www.aisgz.org/uploaded/themes/default_18/images/icons/link.svg]
[www.aisgz.org/uploaded/themes/default_18/images/logo.svg]
[www.aisgz.org/uploaded/themes/default_18/images/down_arrow.svg]
[p.typekit.net/p06b3.css]
[www.aisgz.org/fs/pages/826.html]
[www.aisgz.org/home-ch/about-us-ch/directors-welcome-ch.html]
[www.aisgz.org/cf_forms/view733a.html]
[www.aisgz.org/about-us/school-board/contact-the-board.html]
[www.aisgz.org/community/statement-of-community.html]
[www.aisgz.org/cf_scripts/scripts/cfform.js]
[www.aisgz.org/cf_scripts/scripts/masks.js]
[securejs.finalsite.com/190215/javascript/jQuery/jquery.min.js]
[securejs.finalsite.com/190215/javascript/jQuery/jquery-migrate-1.2.1.fs-modified.min.js]
[securejs.finalsite.com/190215/javascript/jQuery/jquery.ui.min.js]
[securejs.finalsite.com/190215/javascript/iFrameResizer/iframeResizer.contentWindow.min.js]
[securejs.finalsite.com/190215/javascript/fs_global.js]
[www.aisgz.org/cf_forms/scripts/adminview0749.js]
[www.aisgz.org/uploaded/themes/default_18/main.css]
[www.aisgz.org/uploaded/themes/default_18/form.js]
[www.aisgz.org/styles.css]
[securejs.finalsite.com/190215/javascript/jQuery/jquery-migrate-1.2.1.fs-modified9030.js]
[www.aisgz.org/cf_forms/scripts/formPlugin84fd.css]
[securejs.finalsite.com/190215/javascript/jQuery/themes/base/ui.all03d7.css]
[securejs.finalsite.com/190215/javascript/jQuery/plugins/validationEngine.jquery03d7.css]
[securejs.finalsite.com/190215/javascript/jQuery/plugins/fsNumberSpinner/jquery.fsNumberSpinner03d7.css]
[securejs.finalsite.com/190215/javascript/jQuery/jquery.ui.min03d7.js]
[securejs.finalsite.com/190215/javascript/jQuery/plugins/jquery.json03d7.js]
[securejs.finalsite.com/190215/javascript/jQuery/plugins/jquery.base6403d7.js]
[securejs.finalsite.com/190215/javascript/jQuery/plugins/jquery.finalsiteValidator.min03d7.js]
[securejs.finalsite.com/190215/javascript/jQuery/plugins/jquery.uuid.min03d7.js]
[securejs.finalsite.com/190215/javascript/jQuery/plugins/jquery.finalsiteSumInputs.min03d7.js]
[securejs.finalsite.com/190215/javascript/jQuery/plugins/jquery.scrollTo-1.4.2-min03d7.js]
[securejs.finalsite.com/190215/javascript/jQuery/plugins/autonumeric/autoNumeric.min03d7.js]
[securejs.finalsite.com/190215/javascript/jQuery/plugins/jquery.autoLoader03d7.js]
[securejs.finalsite.com/190215/javascript/jQuery/plugins/fsNumberSpinner/jquery.fsNumberSpinner.min03d7.js]
[securejs.finalsite.com/190215/javascript/jQuery/plugins/fsNumberBox/jquery.fsNumberBox.min03d7.js]
[www.aisgz.org/cf_forms/view22c0.html]
[www.aisgz.org/cf_forms/scripts/formPlugin.min84fd.js]
[www.aisgz.org/cf_forms/view740f.html]
[www.aisgz.org/contact-us/contact-admissions.html]
[www.aisgz.org/admissions/grade-placement.html]
[www.aisgz.org/admissions/apply-to-aisg/required-documents.html]
[www.aisgz.org/fs/pages/378.html]
[www.aisgz.org/learning/preschool/program-of-inquiry.html]
[www.aisgz.org/learning/es/program-of-inquiry.html]
[www.aisgz.org/aaa/activities/elementary.html]
[www.aisgz.org/learning/middle-school/course-guide.html]
[www.aisgz.org/aaa/activities/middle-school.html]
[www.aisgz.org/aaa/activities/high-school.html]
[www.aisgz.org/cf_forms/viewd0da.html]
[www.aisgz.org/community/alumni/plan-your-visit.html]
[www.aisgz.org/community/alumni/frequently-asked-questions.html]
[www.aisgz.org/community/alumni/alumni-spotlight/_board/alumni-spotlight/post/blockchainer-fruzan-nijrabi.html]
[www.aisgz.org/community/alumni/alumni-spotlight/_board/alumni-spotlight/post/child-development-researcher-frances-chang.html]
[www.aisgz.org/community/alumni/alumni-spotlight/_board/alumni-spotlight/post/founder-director-of-9212-data-nina-schneider.html]
[www.aisgz.org/community/alumni/alumni-spotlight.html]
[www.aisgz.org/community/alumni/_board/alumni-spotlight/post/blockchainer-fruzan-nijrabi.html]
[www.aisgz.org/community/alumni/_board/alumni-spotlight/post/child-development-researcher-frances-chang.html]
[www.aisgz.org/community/alumni/_board/alumni-spotlight/post/founder-director-of-9212-data-nina-schneider.html]
[www.aisgz.org/community/alumni/photo-gallery/networking-night-2018.html]
[www.aisgz.org/community/alumni/photo-gallery/35th-anniversary-brunch.html]
[www.aisgz.org/community/alumni/photo-gallery.html]
[www.aisgz.org/cf_forms/view8713.html]
[www.aisgz.org/community/giving-to-aisg/giving-pledge.html]
[www.aisgz.org/community/giving-to-aisg/_board/speaker-series/post/tongtong.html]
[www.aisgz.org/community/giving-to-aisg/_board/speaker-series/post/vincent-warren.html]
[www.aisgz.org/community/giving-to-aisg/_board/speaker-series/post/carl-anderson.html]
[www.aisgz.org/fs/pages/402.html]
[www.aisgz.org/fs/pages/730.html]
[www.aisgz.org/ramsnet-parent/calendar.html]
[static.finalsite.net/assets/print-f25ec9a5ab3748e8fa5971785635970ffa9a0f840c2ee1f993bb9d0efc0d512f.css]
[www.aisgz.org/fs/elements/2340/printd41d.html]
[www.aisgz.org/cf_forms/scripts/formPlugin3dd9.css]
[www.aisgz.org/cf_forms/view3dda.html]
[www.aisgz.org/cf_forms/scripts/formPlugin.min3dd9.js]
[www.aisgz.org/cf_forms/viewcd86.html]
[www.aisgz.org/contact-us/contact-alumni-office.html]
[www.aisgz.org/cf_forms/view2a30.html]
[www.aisgz.org/contact-us/contact-employment-office.html]
[www.aisgz.org/cf_forms/view50c8.html]
[www.aisgz.org/contact-us/contact-communications-office.html]
[www.aisgz.org/home-ch/about-us-ch.html]
[www.aisgz.org/home-ch/about-us-ch/our-history-ch.html]
[www.aisgz.org/home-ch/about-us-ch/our-mission-and-vision-ch.html]
[www.aisgz.org/home-ch/about-us-ch/leadership-ch.html]
[www.aisgz.org/home-ch/about-us-ch/school-board-ch.html]
[www.aisgz.org/home-ch/about-us-ch/our-campuses-ch.html]
[www.aisgz.org/home-ch/admissions-ch.html]
[www.aisgz.org/cf_forms/view7e71.html]
[www.aisgz.org/home-ch/admissions-ch/visit-aisg-ch.html]
[www.aisgz.org/home-ch/admissions-ch/grade-placement-ch.html]
[www.aisgz.org/home-ch/admissions-ch/apply-to-aisg-ch/required-documents-ch.html]
[www.aisgz.org/home-ch/contact-us-ch/contact-admissions-ch.html]
[www.aisgz.org/home-ch/admissions-ch/apply-to-aisg-ch.html]
[www.aisgz.org/home-ch/admissions-ch/tuition-and-fees-ch.html]
[www.aisgz.org/home-ch/admissions-ch/frequently-asked-questions-ch.html]
[www.aisgz.org/home-ch/learning-ch.html]
[www.aisgz.org/home-ch/learning-ch/preschool-ch/program-of-inquiry-ch.html]
[www.aisgz.org/home-ch/learning-ch/preschool-ch.html]
[www.aisgz.org/home-ch/learning-ch/es-ch.html]
[www.aisgz.org/home-ch/learning-ch/es-ch/program-of-inquiry-ch.html]
[www.aisgz.org/home-ch/learning-ch/middle-school-ch/course-guide-ch.html]
[www.aisgz.org/home-ch/learning-ch/middle-school-ch.html]
[www.aisgz.org/home-ch/learning-ch/high-school-ch.html]
[www.aisgz.org/home-ch/learning-ch/the-innovation-initiative-ch.html]
[www.aisgz.org/home-ch/student-life-ch.html]
[www.aisgz.org/home-ch/student-life-ch/student-wellbeing-ch.html]
[www.aisgz.org/home-ch/student-life-ch/college-counseling-ch.html]
[www.aisgz.org/home-ch/student-life-ch/community-service-ch.html]
[www.aisgz.org/home-ch/student-life-ch/child-protection-ch.html]
[www.aisgz.org/home-ch/aaa-ch.html]
[www.aisgz.org/home-ch/aaa-ch/the-arts-ch.html]
[www.aisgz.org/home-ch/aaa-ch/athletics-ch.html]
[www.aisgz.org/home-ch/aaa-ch/activities-ch.html]
[www.aisgz.org/home-ch/aaa-ch/activities-ch/elementary-ch.html]
[www.aisgz.org/home-ch/aaa-ch/activities-ch/middle-school-ch.html]
[www.aisgz.org/home-ch/aaa-ch/activities-ch/high-school-ch.html]
[www.aisgz.org/home-ch/community-ch/pta-ch.html]
[www.aisgz.org/home-ch/community-ch/alumni-ch.html]
[www.aisgz.org/home-ch/community-ch/alumni-ch/photo-gallery-ch/networking-night-2018-ch.html]
[www.aisgz.org/home-ch/community-ch/alumni-ch/photo-gallery-ch/35th-anniversary-brunch-ch.html]
[www.aisgz.org/home-ch/community-ch/alumni-ch/photo-gallery-ch.html]
[www.aisgz.org/home-ch/community-ch/alumni-ch/plan-your-visit-ch.html]
[www.aisgz.org/home-ch/community-ch/alumni-ch/frequently-asked-questions-ch.html]
[www.aisgz.org/home-ch/community-ch/giving-to-aisg-ch/giving-pledge-ch.html]
[www.aisgz.org/home-ch/community-ch/giving-to-aisg-ch.html]
[www.aisgz.org/home-ch/careers-ch.html]
[www.aisgz.org/home-ch/careers-ch/why-choose-aisg-ch.html]
[www.aisgz.org/home-ch/careers-ch/current-opportunities-ch.html]
[www.aisgz.org/language-ch.html]
[www.aisgz.org/fs/elements/13029/printd41d.html]
[www.aisgz.org/home-ch/calendar-ch.html]
[www.aisgz.org/cf_forms/view49ed.html]
[www.aisgz.org/home-ch/admissions-ch/enquiry-form-ch.html]
[www.aisgz.org/home-ch/contact-us-ch/contact-alumni-office-ch.html]
[www.aisgz.org/home-ch/contact-us-ch/contact-employment-office-ch.html]
[www.aisgz.org/home-ch/contact-us-ch/contact-communications-office-ch.html]
[www.aisgz.org/home-ch/contact-us-ch.html]
[www.aisgz.org/search-ch.html]
[www.aisgz.org/home-ch/wechat-qr-code-ch.html]
[www.aisgz.org/featured-news/_board/featured-news/post/senior-spotlight-jee-su-kim.html]
[www.aisgz.org/featured-news/_board/featured-news/post/senior-spotlight-michael-liu.html]
[www.aisgz.org/featured-news/_board/featured-news/post/university-acceptances-2019.html]
[www.aisgz.org/featured-news/_board/featured-news/post/senior-spotlight-michelle-zhu.html]
[www.aisgz.org/featured-news/_board/featured-news/post/a-community-of-giving.html]
[www.aisgz.org/featured-news/_board/featured-news/post/aisgs-incredible-diversity.html]
[www.aisgz.org/cf_forms/scripts/formPlugind81f.css]
[www.aisgz.org/cf_forms/view9973.html]
[www.aisgz.org/destroy.html]
[www.aisgz.org/update.html]
[www.aisgz.org/isTruncated.html]
[www.aisgz.org/originalContent.html]
[www.aisgz.org/resize.html]
[www.aisgz.org/cf_forms/scripts/formPlugin.mind81f.js]
[www.aisgz.org/cf_forms/scripts/formPlugin8b36.css]
[www.aisgz.org/cf_forms/view733a.html]
[www.aisgz.org/cf_scripts/scripts/cfform.js]
[www.aisgz.org/cf_scripts/scripts/masks.js]
[securejs.finalsite.com/190215/javascript/jQuery/jquery.min.js]
[securejs.finalsite.com/190215/javascript/jQuery/jquery-migrate-1.2.1.fs-modified.min.js]
[www.aisgz.org/cf_forms/scripts/formPlugin.min8b36.js]
[securejs.finalsite.com/190215/javascript/jQuery/jquery.ui.min.js]
[securejs.finalsite.com/190215/javascript/iFrameResizer/iframeResizer.contentWindow.min.js]
[securejs.finalsite.com/mathjax/2.7.1/MathJax7b8b.js]
[www.aisgz.org/cf_media/scripts/expressInstall.swf]
[securejs.finalsite.com/190215/javascript/fs_global.js]
[www.aisgz.org/cf_forms/scripts/adminview0749.js]
[www.aisgz.org/uploaded/themes/default_18/main.css]
[www.aisgz.org/uploaded/themes/default_18/form.js]
[www.aisgz.org/styles.css]
[securejs.finalsite.com/190215/javascript/jQuery/jquery-migrate-1.2.1.fs-modified9030.js]
[www.aisgz.org/cf_forms/scripts/formPlugin84fd.css]
[securejs.finalsite.com/190215/javascript/jQuery/themes/base/ui.base.css]
[securejs.finalsite.com/190215/javascript/jQuery/themes/base/ui.theme.css]
[securejs.finalsite.com/190215/javascript/jQuery/themes/base/ui.all03d7.css]
[securejs.finalsite.com/190215/javascript/jQuery/plugins/validationEngine.jquery03d7.css]
[securejs.finalsite.com/190215/javascript/jQuery/plugins/fsNumberSpinner/jquery.fsNumberSpinner03d7.css]
[securejs.finalsite.com/190215/javascript/jQuery/jquery.ui.min03d7.js]
[securejs.finalsite.com/190215/javascript/jQuery/plugins/jquery.json03d7.js]
[securejs.finalsite.com/190215/javascript/jQuery/plugins/jquery.base6403d7.js]
[securejs.finalsite.com/190215/javascript/jQuery/plugins/jquery.finalsiteValidator.min03d7.js]
[securejs.finalsite.com/190215/javascript/jQuery/plugins/jquery.uuid.min03d7.js]
[securejs.finalsite.com/190215/javascript/jQuery/plugins/jquery.finalsiteSumInputs.min03d7.js]
[securejs.finalsite.com/190215/javascript/jQuery/plugins/jquery.scrollTo-1.4.2-min03d7.js]
[securejs.finalsite.com/190215/javascript/jQuery/plugins/autonumeric/autoNumeric.min03d7.js]
[securejs.finalsite.com/190215/javascript/jQuery/plugins/jquery.autoLoader03d7.js]
[securejs.finalsite.com/190215/javascript/jQuery/plugins/fsNumberSpinner/jquery.fsNumberSpinner.min03d7.js]
[securejs.finalsite.com/190215/javascript/jQuery/plugins/fsNumberBox/jquery.fsNumberBox.min03d7.js]
[www.aisgz.org/cf_forms/scripts/formPlugin.min84fd.js]
[www.aisgz.org/cf_forms/scripts/formPlugin8b82.css]
[www.aisgz.org/cf_forms/view740f.html]
[www.aisgz.org/cf_forms/scripts/formPlugin.min8b82.js]
[www.aisgz.org/cf_forms/scripts/formPlugin9970.css]
[www.aisgz.org/cf_forms/viewd0da.html]
[www.aisgz.org/community/alumni/alumni-spotlight/_board/alumni-spotlight/post/blockchainer-fruzan-nijrabi.html]
[www.aisgz.org/community/alumni/alumni-spotlight/_board/alumni-spotlight/post/child-development-researcher-frances-chang.html]
[www.aisgz.org/community/alumni/alumni-spotlight/_board/alumni-spotlight/post/founder-director-of-9212-data-nina-schneider.html]
[www.aisgz.org/community/alumni/photo-gallery/networking-night-2018.html]
[www.aisgz.org/cf_forms/scripts/formPlugin.min9970.js]
[www.aisgz.org/community/alumni/photo-gallery/35th-anniversary-brunch.html]
[www.aisgz.org/cf_forms/scripts/formPlugineaaa.css]
[www.aisgz.org/cf_forms/view8713.html]
[static.finalsite.net/assets/print-f25ec9a5ab3748e8fa5971785635970ffa9a0f840c2ee1f993bb9d0efc0d512f.css]
[www.aisgz.org/cf_forms/scripts/formPlugin3dd9.css]
[www.aisgz.org/cf_forms/scripts/formPlugin.mineaaa.js]
[www.aisgz.org/cf_forms/scripts/formPlugin.min3dd9.js]
[www.aisgz.org/cf_forms/scripts/formPlugine648.css]
[www.aisgz.org/cf_forms/viewcd86.html]
[www.aisgz.org/cf_forms/scripts/formPlugin.mine648.js]
[www.aisgz.org/cf_forms/scripts/formPlugine309.css]
[www.aisgz.org/cf_forms/view2a30.html]
[www.aisgz.org/cf_forms/scripts/formPlugin.mine309.js]
[www.aisgz.org/cf_forms/scripts/formPluginc3e2.css]
[www.aisgz.org/cf_forms/view50c8.html]
[www.aisgz.org/cf_forms/scripts/formPlugin.minc3e2.js]
[www.aisgz.org/cf_forms/scripts/formPluginb6aa.css]
[www.aisgz.org/cf_forms/view7e71.html]
[www.aisgz.org/fs/pages/418.html]
[www.aisgz.org/home-ch/admissions-ch/grade-placement-ch.html]
[www.aisgz.org/cf_forms/scripts/formPlugin.minb6aa.js]
[www.aisgz.org/home-ch/admissions-ch/apply-to-aisg-ch/required-documents-ch.html]
[www.aisgz.org/cf_forms/view529f.html]
[www.aisgz.org/home-ch/contact-us-ch/contact-admissions-ch.html]
[www.aisgz.org/home-ch/learning-ch/preschool-ch/program-of-inquiry-ch.html]
[www.aisgz.org/home-ch/learning-ch/middle-school-ch/course-guide-ch.html]
[www.aisgz.org/home-ch/community-ch/alumni-ch/photo-gallery-ch/networking-night-2018-ch.html]
[www.aisgz.org/home-ch/community-ch/alumni-ch/photo-gallery-ch/35th-anniversary-brunch-ch.html]
[www.aisgz.org/cf_forms/viewb120.html]
[www.aisgz.org/home-ch/community-ch/giving-to-aisg-ch/giving-pledge-ch.html]
[www.aisgz.org/fs/elements/13029/printd41d.html]
[www.aisgz.org/cf_forms/scripts/formPlugin1ac2.css]
[www.aisgz.org/cf_forms/scripts/formPlugin.min1ac2.js]
[www.aisgz.org/cf_forms/view49ed.html]
[www.aisgz.org/cf_forms/view0e76.html]
[www.aisgz.org/home-ch/contact-us-ch/contact-alumni-office-ch.html]
[www.aisgz.org/home-ch/contact-us-ch/contact-employment-office-ch.html]
[www.aisgz.org/cf_forms/view6dbe.html]
[www.aisgz.org/home-ch/contact-us-ch/contact-communications-office-ch.html]
[www.aisgz.org/cf_forms/scripts/formPlugind81f.css]
[www.aisgz.org/cf_forms/scripts/formPlugin.mind81f.js]
[www.aisgz.org/cf_forms/scripts/formPlugin8b36.css]
[www.aisgz.org/cf_forms/scripts/formPlugin.min8b36.js]
[securejs.finalsite.com/mathjax/2.7.1/MathJax7b8b.js]
[www.aisgz.org/cf_forms/userlogin.html]
[www.aisgz.org/cf_forms/page.html]
[www.aisgz.org/cf_forms/GET.html]
[www.aisgz.org/cf_forms/pageprintd41d.html]
[www.aisgz.org/cf_forms/pageemaild41d.html]
[www.aisgz.org/cf_forms/uploaded/index.html]
[www.aisgz.org/cf_forms/filed41d.html]
[www.aisgz.org/cf_forms/extensions/includes/dropbox/dropbox_upload.html]
[www.aisgz.org/cf_forms/dropbox_upload.html]
[www.aisgz.org/cf_forms/userlogoff.html]
[securejs.finalsite.com/190215/javascript/jQuery/themes/base/ui.core.css]
[securejs.finalsite.com/190215/javascript/jQuery/themes/base/ui.resizable.css]
[securejs.finalsite.com/190215/javascript/jQuery/themes/base/ui.accordion.css]
[securejs.finalsite.com/190215/javascript/jQuery/themes/base/ui.dialog.css]
[securejs.finalsite.com/190215/javascript/jQuery/themes/base/ui.slider.css]
[securejs.finalsite.com/190215/javascript/jQuery/themes/base/ui.tabs.css]
[securejs.finalsite.com/190215/javascript/jQuery/themes/base/ui.datepicker.css]
[securejs.finalsite.com/190215/javascript/jQuery/themes/base/ui.progressbar.css]
[securejs.finalsite.com/190215/javascript/jQuery/themes/base/ui.base.css]
[securejs.finalsite.com/190215/javascript/jQuery/themes/base/images/ui-bg_glass_75_ffffff_1x400.png]
[securejs.finalsite.com/190215/javascript/jQuery/themes/base/images/ui-bg_highlight-soft_75_cccccc_1x100.png]
[securejs.finalsite.com/190215/javascript/jQuery/themes/base/images/ui-bg_glass_75_e6e6e6_1x400.png]
[securejs.finalsite.com/190215/javascript/jQuery/themes/base/images/ui-bg_glass_75_dadada_1x400.png]
[securejs.finalsite.com/190215/javascript/jQuery/themes/base/images/ui-bg_glass_65_ffffff_1x400.png]
[securejs.finalsite.com/190215/javascript/jQuery/themes/base/images/ui-bg_glass_55_fbf9ee_1x400.png]
[securejs.finalsite.com/190215/javascript/jQuery/themes/base/images/ui-bg_inset-soft_95_fef1ec_1x100.png]
[securejs.finalsite.com/190215/javascript/jQuery/themes/base/images/ui-icons_222222_256x240.png]
[securejs.finalsite.com/190215/javascript/jQuery/themes/base/images/ui-icons_888888_256x240.png]
[securejs.finalsite.com/190215/javascript/jQuery/themes/base/images/ui-icons_454545_256x240.png]
[securejs.finalsite.com/190215/javascript/jQuery/themes/base/images/ui-icons_2e83ff_256x240.png]
[securejs.finalsite.com/190215/javascript/jQuery/themes/base/images/ui-icons_cd0a0a_256x240.png]
[securejs.finalsite.com/190215/javascript/jQuery/themes/base/ui.theme.css]
[www.aisgz.org/cf_forms/scripts/formPlugin8b82.css]
[www.aisgz.org/cf_forms/scripts/formPlugin.min8b82.js]
[www.aisgz.org/cf_forms/scripts/formPlugin9970.css]
[www.aisgz.org/cf_forms/scripts/formPlugin.min9970.js]
[www.aisgz.org/cf_forms/scripts/formPlugineaaa.css]
[www.aisgz.org/cf_forms/scripts/formPlugin.mineaaa.js]
[www.aisgz.org/cf_forms/scripts/formPlugine648.css]
[www.aisgz.org/cf_forms/scripts/formPlugin.mine648.js]
[www.aisgz.org/cf_forms/scripts/formPlugine309.css]
[www.aisgz.org/cf_forms/scripts/formPlugin.mine309.js]
[www.aisgz.org/cf_forms/scripts/formPluginc3e2.css]
[www.aisgz.org/cf_forms/scripts/formPlugin.minc3e2.js]
[www.aisgz.org/cf_forms/scripts/formPluginb6aa.css]
[www.aisgz.org/cf_forms/scripts/formPlugin.minb6aa.js]
[www.aisgz.org/cf_forms/scripts/formPlugin92e2.css]
[www.aisgz.org/cf_forms/scripts/formPlugin.min92e2.js]
[www.aisgz.org/cf_forms/view529f.html]
[www.aisgz.org/cf_forms/scripts/formPlugin607a.css]
[www.aisgz.org/cf_forms/scripts/formPlugin.min607a.js]
[www.aisgz.org/cf_forms/viewb120.html]
[www.aisgz.org/cf_forms/scripts/formPlugin1ac2.css]
[www.aisgz.org/cf_forms/scripts/formPlugin.min1ac2.js]
[www.aisgz.org/cf_forms/scripts/formPlugina91f.css]
[www.aisgz.org/cf_forms/scripts/formPlugin.mina91f.js]
[www.aisgz.org/cf_forms/view0e76.html]
[www.aisgz.org/cf_forms/scripts/formPlugin99a6.css]
[www.aisgz.org/cf_forms/scripts/formPlugin.min99a6.js]
[www.aisgz.org/cf_forms/view6dbe.html]
[securejs.finalsite.com/190215/javascript/[MathJax]/extensions/MathEvents.html]
[securejs.finalsite.com/190215/javascript/output/index.html]
[securejs.finalsite.com/190215/javascript/fast-preview.html]
[securejs.finalsite.com/190215/javascript/AssistiveMML.html]
[securejs.finalsite.com/190215/javascript/[MathJax]/extensions/MathMenu.html]
[securejs.finalsite.com/190215/javascript/[MathJax]/extensions/MathZoom.html]
[securejs.finalsite.com/190215/javascript/f,b[g].html]
[securejs.finalsite.com/190215/javascript/config.html]
[securejs.finalsite.com/190215/javascript/jQuery/themes/base/ui.core.css]
[securejs.finalsite.com/190215/javascript/jQuery/themes/base/ui.resizable.css]
[securejs.finalsite.com/190215/javascript/jQuery/themes/base/ui.accordion.css]
[securejs.finalsite.com/190215/javascript/jQuery/themes/base/ui.dialog.css]
[securejs.finalsite.com/190215/javascript/jQuery/themes/base/ui.slider.css]
[securejs.finalsite.com/190215/javascript/jQuery/themes/base/ui.tabs.css]
[securejs.finalsite.com/190215/javascript/jQuery/themes/base/ui.datepicker.css]
[securejs.finalsite.com/190215/javascript/jQuery/themes/base/ui.progressbar.css]
[www.aisgz.org/cf_forms/scripts/formPlugin92e2.css]
[www.aisgz.org/cf_forms/scripts/formPlugin.min92e2.js]
[www.aisgz.org/cf_forms/scripts/formPlugin607a.css]
[www.aisgz.org/cf_forms/scripts/formPlugin.min607a.js]
[www.aisgz.org/cf_forms/scripts/formPlugina91f.css]
[www.aisgz.org/cf_forms/scripts/formPlugin.mina91f.js]
[www.aisgz.org/cf_forms/scripts/formPlugin99a6.css]
[www.aisgz.org/cf_forms/scripts/formPlugin.min99a6.js]
